@NEXT
   3) ~/Desktop/test.noindex/grault
   4) ~/Desktop/test.noindex/qux
   5) ~/Desktop/test.noindex/bar
