~/Desktop/test.noindex/corge
~/Desktop/test.noindex/baz
~/Desktop/test.noindex/foo
~/Desktop/test.noindex/garply
~/Desktop/test.noindex/grault
~/Desktop/test.noindex/quux
~/Desktop/test.noindex/qux
~/Desktop/test.noindex/foo/baz
~/Desktop/test.noindex/foo/qux
~/Desktop/test.noindex/foo/quux
~/Desktop/test.noindex/foo/bar
~/Desktop/test.noindex/bar
